// Jest Snapshot v1, https://goo.gl/fbAQLP

exports[`Board can be rendered 1`] = `
ShallowWrapper {
  "length": 1,
  Symbol(enzyme.__root__): [Circular],
  Symbol(enzyme.__unrendered__): <Board
    boardId={1}
/>,
  Symbol(enzyme.__renderer__): Object {
    "batchedUpdates": [Function],
    "getNode": [Function],
    "render": [Function],
    "simulateEvent": [Function],
    "unmount": [Function],
  },
  Symbol(enzyme.__node__): Object {
    "instance": null,
    "key": undefined,
    "nodeType": "host",
    "props": Object {
      "children": Array [
        Array [],
        <NewCardForm
          addCardCallback={[Function]}
          hideFormCallback={[Function]}
          visibility="hidden-modal"
/>,
        <a
          className="float"
          href="#"
          onClick={[Function]}
>
          <i
                    className="fa fa-plus my-float"
          />
</a>,
      ],
      "className": "board",
    },
    "ref": null,
    "rendered": Array [
      Object {
        "instance": null,
        "key": undefined,
        "nodeType": "class",
        "props": Object {
          "addCardCallback": [Function],
          "hideFormCallback": [Function],
          "visibility": "hidden-modal",
        },
        "ref": null,
        "rendered": null,
        "type": [Function],
      },
      Object {
        "instance": null,
        "key": undefined,
        "nodeType": "host",
        "props": Object {
          "children": <i
            className="fa fa-plus my-float"
/>,
          "className": "float",
          "href": "#",
          "onClick": [Function],
        },
        "ref": null,
        "rendered": Object {
          "instance": null,
          "key": undefined,
          "nodeType": "host",
          "props": Object {
            "className": "fa fa-plus my-float",
          },
          "ref": null,
          "rendered": null,
          "type": "i",
        },
        "type": "a",
      },
    ],
    "type": "main",
  },
  Symbol(enzyme.__nodes__): Array [
    Object {
      "instance": null,
      "key": undefined,
      "nodeType": "host",
      "props": Object {
        "children": Array [
          Array [],
          <NewCardForm
            addCardCallback={[Function]}
            hideFormCallback={[Function]}
            visibility="hidden-modal"
/>,
          <a
            className="float"
            href="#"
            onClick={[Function]}
>
            <i
                        className="fa fa-plus my-float"
            />
</a>,
        ],
        "className": "board",
      },
      "ref": null,
      "rendered": Array [
        Object {
          "instance": null,
          "key": undefined,
          "nodeType": "class",
          "props": Object {
            "addCardCallback": [Function],
            "hideFormCallback": [Function],
            "visibility": "hidden-modal",
          },
          "ref": null,
          "rendered": null,
          "type": [Function],
        },
        Object {
          "instance": null,
          "key": undefined,
          "nodeType": "host",
          "props": Object {
            "children": <i
              className="fa fa-plus my-float"
/>,
            "className": "float",
            "href": "#",
            "onClick": [Function],
          },
          "ref": null,
          "rendered": Object {
            "instance": null,
            "key": undefined,
            "nodeType": "host",
            "props": Object {
              "className": "fa fa-plus my-float",
            },
            "ref": null,
            "rendered": null,
            "type": "i",
          },
          "type": "a",
        },
      ],
      "type": "main",
    },
  ],
  Symbol(enzyme.__options__): Object {
    "adapter": ReactSixteenAdapter {
      "options": Object {
        "enableComponentDidUpdateOnSetState": true,
      },
    },
  },
}
`;
